Disk,TotalSpace,UsedSpace,FileName,FilePath,LineNumber,Timestamp,Worker
,322120445952,32683282432,clustercontroller.log,node1/clustercontroller_0.20192.19.0718.15433859155846757053991/logs/clustercontroller.log,279,08/09/2019 20:34:02,node1
,322120445952,33630879744,clustercontroller.log,node1/clustercontroller_0.20192.19.0718.15433859155846757053991/logs/clustercontroller.log,349,08/09/2019 20:35:01,node1
,322120445952,34257072128,clustercontroller.log,node1/clustercontroller_0.20192.19.0718.15433859155846757053991/logs/clustercontroller.log,354,08/09/2019 20:36:01,node1
,322120445952,34642038784,clustercontroller.log,node1/clustercontroller_0.20192.19.0718.15433859155846757053991/logs/clustercontroller.log,360,08/09/2019 20:37:01,node1
,322120445952,34731470848,clustercontroller.log,node1/clustercontroller_0.20192.19.0718.15433859155846757053991/logs/clustercontroller.log,366,08/09/2019 20:38:01,node1
,322120445952,34803478528,clustercontroller.log,node1/clustercontroller_0.20192.19.0718.15433859155846757053991/logs/clustercontroller.log,371,08/09/2019 20:39:01,node1
,322120445952,34828800000,clustercontroller.log,node1/clustercontroller_0.20192.19.0718.15433859155846757053991/logs/clustercontroller.log,382,08/09/2019 20:40:01,node1
,322120445952,34835787776,clustercontroller.log,node1/clustercontroller_0.20192.19.0718.15433859155846757053991/logs/clustercontroller.log,389,08/09/2019 20:41:01,node1
,322120445952,34835906560,clustercontroller.log,node1/clustercontroller_0.20192.19.0718.15433859155846757053991/logs/clustercontroller.log,394,08/09/2019 20:42:01,node1
,322120445952,34844454912,clustercontroller.log,node1/clustercontroller_0.20192.19.0718.15433859155846757053991/logs/clustercontroller.log,399,08/09/2019 20:43:01,node1
,322120445952,34865541120,clustercontroller.log,node1/clustercontroller_0.20192.19.0718.15433859155846757053991/logs/clustercontroller.log,404,08/09/2019 20:44:01,node1
,322120445952,34870464512,clustercontroller.log,node1/clustercontroller_0.20192.19.0718.15433859155846757053991/logs/clustercontroller.log,409,08/09/2019 20:45:01,node1
,322120445952,34872569856,clustercontroller.log,node1/clustercontroller_0.20192.19.0718.15433859155846757053991/logs/clustercontroller.log,414,08/09/2019 20:46:01,node1
,322120445952,34874494976,clustercontroller.log,node1/clustercontroller_0.20192.19.0718.15433859155846757053991/logs/clustercontroller.log,419,08/09/2019 20:47:01,node1
,322120445952,34874634240,clustercontroller.log,node1/clustercontroller_0.20192.19.0718.15433859155846757053991/logs/clustercontroller.log,424,08/09/2019 20:48:01,node1
,322120445952,34874634240,clustercontroller.log,node1/clustercontroller_0.20192.19.0718.15433859155846757053991/logs/clustercontroller.log,429,08/09/2019 20:49:01,node1
,322120445952,34874634240,clustercontroller.log,node1/clustercontroller_0.20192.19.0718.15433859155846757053991/logs/clustercontroller.log,434,08/09/2019 20:50:01,node1
,322120445952,34874830848,clustercontroller.log,node1/clustercontroller_0.20192.19.0718.15433859155846757053991/logs/clustercontroller.log,439,08/09/2019 20:51:01,node1
,322120445952,34874830848,clustercontroller.log,node1/clustercontroller_0.20192.19.0718.15433859155846757053991/logs/clustercontroller.log,444,08/09/2019 20:52:01,node1
,322120445952,34875342848,clustercontroller.log,node1/clustercontroller_0.20192.19.0718.15433859155846757053991/logs/clustercontroller.log,449,08/09/2019 20:53:01,node1
,322120445952,34875408384,clustercontroller.log,node1/clustercontroller_0.20192.19.0718.15433859155846757053991/logs/clustercontroller.log,454,08/09/2019 20:54:01,node1
,322120445952,34875539456,clustercontroller.log,node1/clustercontroller_0.20192.19.0718.15433859155846757053991/logs/clustercontroller.log,459,08/09/2019 20:55:01,node1
,322120445952,34877120512,clustercontroller.log,node1/clustercontroller_0.20192.19.0718.15433859155846757053991/logs/clustercontroller.log,464,08/09/2019 20:56:01,node1
,322120445952,34877054976,clustercontroller.log,node1/clustercontroller_0.20192.19.0718.15433859155846757053991/logs/clustercontroller.log,469,08/09/2019 20:57:01,node1
,322120445952,34877194240,clustercontroller.log,node1/clustercontroller_0.20192.19.0718.15433859155846757053991/logs/clustercontroller.log,474,08/09/2019 20:58:01,node1
,322120445952,34912026624,clustercontroller.log,node1/clustercontroller_0.20192.19.0718.15433859155846757053991/logs/clustercontroller.log,479,08/09/2019 20:59:01,node1
,322120445952,34932215808,clustercontroller.log,node1/clustercontroller_0.20192.19.0718.15433859155846757053991/logs/clustercontroller.log,484,08/09/2019 21:00:01,node1
,322120445952,34933022720,clustercontroller.log,node1/clustercontroller_0.20192.19.0718.15433859155846757053991/logs/clustercontroller.log,489,08/09/2019 21:01:01,node1
,322120445952,34932924416,clustercontroller.log,node1/clustercontroller_0.20192.19.0718.15433859155846757053991/logs/clustercontroller.log,494,08/09/2019 21:02:01,node1
,322120445952,35393916928,clustercontroller.log,node1/clustercontroller_0.20192.19.0718.15433859155846757053991/logs/clustercontroller.log,499,08/09/2019 21:03:01,node1
,322120445952,35401433088,clustercontroller.log,node1/clustercontroller_0.20192.19.0718.15433859155846757053991/logs/clustercontroller.log,504,08/09/2019 21:04:01,node1
,322120445952,35407437824,clustercontroller.log,node1/clustercontroller_0.20192.19.0718.15433859155846757053991/logs/clustercontroller.log,509,08/09/2019 21:05:01,node1
,322120445952,35408027648,clustercontroller.log,node1/clustercontroller_0.20192.19.0718.15433859155846757053991/logs/clustercontroller.log,514,08/09/2019 21:06:01,node1
,322120445952,35408027648,clustercontroller.log,node1/clustercontroller_0.20192.19.0718.15433859155846757053991/logs/clustercontroller.log,519,08/09/2019 21:07:01,node1
,322120445952,35407892480,clustercontroller.log,node1/clustercontroller_0.20192.19.0718.15433859155846757053991/logs/clustercontroller.log,524,08/09/2019 21:08:01,node1
,322120445952,35408093184,clustercontroller.log,node1/clustercontroller_0.20192.19.0718.15433859155846757053991/logs/clustercontroller.log,529,08/09/2019 21:09:01,node1
,322120445952,35408265216,clustercontroller.log,node1/clustercontroller_0.20192.19.0718.15433859155846757053991/logs/clustercontroller.log,534,08/09/2019 21:10:01,node1
,322120445952,35427979264,clustercontroller.log,node1/clustercontroller_0.20192.19.0718.15433859155846757053991/logs/clustercontroller.log,539,08/09/2019 21:11:01,node1
,322120445952,35427979264,clustercontroller.log,node1/clustercontroller_0.20192.19.0718.15433859155846757053991/logs/clustercontroller.log,544,08/09/2019 21:12:01,node1
,322120445952,35428061184,clustercontroller.log,node1/clustercontroller_0.20192.19.0718.15433859155846757053991/logs/clustercontroller.log,549,08/09/2019 21:13:01,node1
,322120445952,35428061184,clustercontroller.log,node1/clustercontroller_0.20192.19.0718.15433859155846757053991/logs/clustercontroller.log,554,08/09/2019 21:14:01,node1
,322120445952,35428061184,clustercontroller.log,node1/clustercontroller_0.20192.19.0718.15433859155846757053991/logs/clustercontroller.log,559,08/09/2019 21:15:01,node1
,322120445952,35428134912,clustercontroller.log,node1/clustercontroller_0.20192.19.0718.15433859155846757053991/logs/clustercontroller.log,564,08/09/2019 21:16:01,node1
,322120445952,35428114432,clustercontroller.log,node1/clustercontroller_0.20192.19.0718.15433859155846757053991/logs/clustercontroller.log,569,08/09/2019 21:17:01,node1
,322120445952,35428245504,clustercontroller.log,node1/clustercontroller_0.20192.19.0718.15433859155846757053991/logs/clustercontroller.log,574,08/09/2019 21:18:01,node1
,322120445952,35428311040,clustercontroller.log,node1/clustercontroller_0.20192.19.0718.15433859155846757053991/logs/clustercontroller.log,579,08/09/2019 21:19:01,node1
,322120445952,35428311040,clustercontroller.log,node1/clustercontroller_0.20192.19.0718.15433859155846757053991/logs/clustercontroller.log,584,08/09/2019 21:20:01,node1
,322120445952,35428376576,clustercontroller.log,node1/clustercontroller_0.20192.19.0718.15433859155846757053991/logs/clustercontroller.log,589,08/09/2019 21:21:01,node1
,322120445952,35428376576,clustercontroller.log,node1/clustercontroller_0.20192.19.0718.15433859155846757053991/logs/clustercontroller.log,594,08/09/2019 21:22:01,node1
,322120445952,35428442112,clustercontroller.log,node1/clustercontroller_0.20192.19.0718.15433859155846757053991/logs/clustercontroller.log,599,08/09/2019 21:23:01,node1
,322120445952,35428442112,clustercontroller.log,node1/clustercontroller_0.20192.19.0718.15433859155846757053991/logs/clustercontroller.log,604,08/09/2019 21:24:01,node1
,322120445952,35428442112,clustercontroller.log,node1/clustercontroller_0.20192.19.0718.15433859155846757053991/logs/clustercontroller.log,609,08/09/2019 21:25:01,node1
,322120445952,35428507648,clustercontroller.log,node1/clustercontroller_0.20192.19.0718.15433859155846757053991/logs/clustercontroller.log,614,08/09/2019 21:26:01,node1
,322120445952,35428442112,clustercontroller.log,node1/clustercontroller_0.20192.19.0718.15433859155846757053991/logs/clustercontroller.log,619,08/09/2019 21:27:01,node1
,322120445952,35428446208,clustercontroller.log,node1/clustercontroller_0.20192.19.0718.15433859155846757053991/logs/clustercontroller.log,624,08/09/2019 21:28:01,node1
,322120445952,35428573184,clustercontroller.log,node1/clustercontroller_0.20192.19.0718.15433859155846757053991/logs/clustercontroller.log,629,08/09/2019 21:29:01,node1
,322120445952,35554816000,clustercontroller.log,node1/clustercontroller_0.20192.19.0718.15433859155846757053991/logs/clustercontroller.log,851,08/09/2019 21:36:35,node1
,322120445952,35548176384,clustercontroller.log,node1/clustercontroller_0.20192.19.0718.15433859155846757053991/logs/clustercontroller.log,892,08/09/2019 21:37:35,node1
,322120445952,35548995584,clustercontroller.log,node1/clustercontroller_0.20192.19.0718.15433859155846757053991/logs/clustercontroller.log,897,08/09/2019 21:38:35,node1
,322120445952,35523555328,clustercontroller.log,node1/clustercontroller_0.20192.19.0718.15433859155846757053991/logs/clustercontroller.log,904,08/09/2019 21:39:35,node1
,322120445952,35545116672,clustercontroller.log,node1/clustercontroller_0.20192.19.0718.15433859155846757053991/logs/clustercontroller.log,910,08/09/2019 21:40:35,node1
,322120445952,35614801920,clustercontroller.log,node1/clustercontroller_0.20192.19.0718.15433859155846757053991/logs/clustercontroller.log,919,08/09/2019 21:41:35,node1
,322120445952,35614842880,clustercontroller.log,node1/clustercontroller_0.20192.19.0718.15433859155846757053991/logs/clustercontroller.log,927,08/09/2019 21:42:35,node1
,322120445952,35655761920,clustercontroller.log,node1/clustercontroller_0.20192.19.0718.15433859155846757053991/logs/clustercontroller.log,932,08/09/2019 21:43:35,node1
,322120445952,35659259904,clustercontroller.log,node1/clustercontroller_0.20192.19.0718.15433859155846757053991/logs/clustercontroller.log,937,08/09/2019 21:44:35,node1
,322120445952,35659689984,clustercontroller.log,node1/clustercontroller_0.20192.19.0718.15433859155846757053991/logs/clustercontroller.log,942,08/09/2019 21:45:35,node1
,322120445952,35742171136,clustercontroller.log,node1/clustercontroller_0.20192.19.0718.15433859155846757053991/logs/clustercontroller.log,947,08/09/2019 21:46:35,node1
,322120445952,35753836544,clustercontroller.log,node1/clustercontroller_0.20192.19.0718.15433859155846757053991/logs/clustercontroller.log,952,08/09/2019 21:47:35,node1
,322120445952,35753836544,clustercontroller.log,node1/clustercontroller_0.20192.19.0718.15433859155846757053991/logs/clustercontroller.log,957,08/09/2019 21:48:35,node1
,322120445952,35756822528,clustercontroller.log,node1/clustercontroller_0.20192.19.0718.15433859155846757053991/logs/clustercontroller.log,962,08/09/2019 21:49:35,node1
,322120445952,35933122560,clustercontroller.log,node1/clustercontroller_0.20192.19.0718.15433859155846757053991/logs/clustercontroller.log,967,08/09/2019 21:50:35,node1
,322120445952,35935580160,clustercontroller.log,node1/clustercontroller_0.20192.19.0718.15433859155846757053991/logs/clustercontroller.log,972,08/09/2019 21:51:35,node1
,322120445952,35933675520,clustercontroller.log,node1/clustercontroller_0.20192.19.0718.15433859155846757053991/logs/clustercontroller.log,977,08/09/2019 21:52:35,node1
,322120445952,35933732864,clustercontroller.log,node1/clustercontroller_0.20192.19.0718.15433859155846757053991/logs/clustercontroller.log,982,08/09/2019 21:53:35,node1
,322120445952,35933736960,clustercontroller.log,node1/clustercontroller_0.20192.19.0718.15433859155846757053991/logs/clustercontroller.log,987,08/09/2019 21:54:35,node1
,322120445952,35934285824,clustercontroller.log,node1/clustercontroller_0.20192.19.0718.15433859155846757053991/logs/clustercontroller.log,992,08/09/2019 21:55:35,node1
,322120445952,35946663936,clustercontroller.log,node1/clustercontroller_0.20192.19.0718.15433859155846757053991/logs/clustercontroller.log,997,08/09/2019 21:56:35,node1
,322120445952,35946893312,clustercontroller.log,node1/clustercontroller_0.20192.19.0718.15433859155846757053991/logs/clustercontroller.log,1002,08/09/2019 21:57:35,node1
,322120445952,35951058944,clustercontroller.log,node1/clustercontroller_0.20192.19.0718.15433859155846757053991/logs/clustercontroller.log,1007,08/09/2019 21:58:35,node1
,322120445952,35958874112,clustercontroller.log,node1/clustercontroller_0.20192.19.0718.15433859155846757053991/logs/clustercontroller.log,1012,08/09/2019 21:59:35,node1
,322120445952,35963478016,clustercontroller.log,node1/clustercontroller_0.20192.19.0718.15433859155846757053991/logs/clustercontroller.log,1017,08/09/2019 22:00:35,node1
